
> alumni_portal@0.0.0 build
> tsc -b && vite build

src/pages/admin/AdminDashboard.tsx(3,10): error TS2300: Duplicate identifier 'useNavigate'.
src/pages/admin/AdminDashboard.tsx(8,10): error TS2300: Duplicate identifier 'useNavigate'.
src/pages/Login.tsx(148,32): error TS2304: Cannot find name 'X'.
src/pages/Login.tsx(148,50): error TS2304: Cannot find name 'Menu'.
