
> alumni_portal@0.0.0 build
> tsc -b && vite build

src/pages/ActivityFeed.tsx(10,25): error TS6133: 'Smile' is declared but its value is never read.
src/pages/ActivityFeed.tsx(10,32): error TS6133: 'GalleryVerticalEnd' is declared but its value is never read.
src/pages/ActivityFeed.tsx(630,23): error TS6133: 'e' is declared but its value is never read.
src/pages/ActivityFeed.tsx(747,26): error TS2571: Object is of type 'unknown'.
src/pages/admin/AdminAddCourse.tsx(5,3): error TS6133: 'FileText' is declared but its value is never read.
src/pages/admin/AdminAddCourse.tsx(8,3): error TS6133: 'BookMarked' is declared but its value is never read.
src/pages/admin/AdminAddIntern.tsx(4,13): error TS6133: 'Briefcase' is declared but its value is never read.
src/pages/admin/AdminAddIntern.tsx(4,24): error TS6133: 'GraduationCap' is declared but its value is never read.
src/pages/admin/AdminAddIntern.tsx(36,9): error TS6133: 'nestNavy' is declared but its value is never read.
src/pages/admin/AdminAddUser.tsx(4,13): error TS6133: 'Mail' is declared but its value is never read.
src/pages/admin/AdminAddUser.tsx(4,19): error TS6133: 'Shield' is declared but its value is never read.
src/pages/admin/AdminAddUser.tsx(4,27): error TS6133: 'Lock' is declared but its value is never read.
src/pages/admin/AdminAddUser.tsx(4,33): error TS6133: 'Phone' is declared but its value is never read.
src/pages/admin/AdminAddUser.tsx(36,9): error TS6133: 'nestNavy' is declared but its value is never read.
src/pages/admin/AdminAddVisit.tsx(4,17): error TS6133: 'School' is declared but its value is never read.
src/pages/admin/AdminAddVisit.tsx(4,25): error TS6133: 'Users' is declared but its value is never read.
src/pages/admin/AdminAddVisit.tsx(4,32): error TS6133: 'FileText' is declared but its value is never read.
src/pages/admin/AdminAddVisit.tsx(4,42): error TS6133: 'ArrowLeft' is declared but its value is never read.
src/pages/admin/AdminAddVisit.tsx(4,53): error TS6133: 'Clock' is declared but its value is never read.
src/pages/admin/AdminAddVisit.tsx(4,60): error TS6133: 'ChevronDown' is declared but its value is never read.
src/pages/admin/AdminAddVisit.tsx(36,9): error TS6133: 'nestNavy' is declared but its value is never read.
src/pages/admin/AdminCourses.tsx(2,1): error TS6133: 'motion' is declared but its value is never read.
src/pages/admin/AdminCourses.tsx(4,17): error TS6133: 'Filter' is declared but its value is never read.
src/pages/admin/AdminCourses.tsx(4,25): error TS6133: 'BookOpen' is declared but its value is never read.
src/pages/admin/AdminCourses.tsx(4,42): error TS6133: 'Users' is declared but its value is never read.
src/pages/admin/AdminCourses.tsx(6,19): error TS6133: 'Star' is declared but its value is never read.
src/pages/admin/AdminCourses.tsx(89,45): error TS6133: 'i' is declared but its value is never read.
src/pages/admin/AdminEvents.tsx(4,27): error TS6133: 'Clock' is declared but its value is never read.
src/pages/admin/AdminEvents.tsx(5,3): error TS6133: 'Globe' is declared but its value is never read.
src/pages/admin/AdminInterns.tsx(4,10): error TS6133: 'Calendar' is declared but its value is never read.
src/pages/admin/AdminInterns.tsx(4,20): error TS6133: 'Briefcase' is declared but its value is never read.
src/pages/admin/AdminInterns.tsx(4,37): error TS6133: 'ChevronDown' is declared but its value is never read.
src/pages/admin/AdminInterns.tsx(5,31): error TS6133: 'ChevronRight' is declared but its value is never read.
src/pages/admin/AdminInterns.tsx(5,45): error TS6133: 'Search' is declared but its value is never read.
src/pages/admin/AdminInterns.tsx(5,53): error TS6133: 'Laptop' is declared but its value is never read.
src/pages/admin/AdminInterns.tsx(37,111): error TS2304: Cannot find name 'nestNavy'.
src/pages/admin/AdminInterns.tsx(53,27): error TS2304: Cannot find name 'nestNavy'.
src/pages/admin/AdminIVStudents.tsx(4,17): error TS6133: 'Users' is declared but its value is never read.
src/pages/admin/AdminIVStudents.tsx(4,24): error TS6133: 'Building' is declared but its value is never read.
src/pages/admin/AdminIVStudents.tsx(4,34): error TS6133: 'GraduationCap' is declared but its value is never read.
src/pages/admin/AdminIVStudents.tsx(4,55): error TS6133: 'ChevronDown' is declared but its value is never read.
src/pages/admin/AdminIVStudents.tsx(5,3): error TS6133: 'Download' is declared but its value is never read.
src/pages/admin/AdminIVStudents.tsx(5,18): error TS6133: 'Edit2' is declared but its value is never read.
src/pages/admin/AdminIVStudents.tsx(5,41): error TS6133: 'ChevronRight' is declared but its value is never read.
src/pages/admin/AdminIVStudents.tsx(5,55): error TS6133: 'Search' is declared but its value is never read.
src/pages/admin/AdminIVStudents.tsx(34,9): error TS6133: 'filteredVisits' is declared but its value is never read.
src/pages/admin/AdminIVStudents.tsx(36,44): error TS2304: Cannot find name 'searchQuery'.
src/pages/admin/AdminIVStudents.tsx(37,46): error TS2304: Cannot find name 'searchQuery'.
src/pages/admin/AdminIVStudents.tsx(39,28): error TS2304: Cannot find name 'collegeFilter'.
src/pages/admin/AdminIVStudents.tsx(39,73): error TS2304: Cannot find name 'collegeFilter'.
src/pages/admin/AdminIVStudents.tsx(40,25): error TS2304: Cannot find name 'yearFilter'.
src/pages/admin/AdminIVStudents.tsx(40,64): error TS2304: Cannot find name 'yearFilter'.
src/pages/admin/AdminIVStudents.tsx(45,9): error TS6133: 'colleges' is declared but its value is never read.
src/pages/admin/AdminIVStudents.tsx(46,9): error TS6133: 'years' is declared but its value is never read.
src/pages/admin/AdminIVStudents.tsx(74,27): error TS2304: Cannot find name 'nestNavy'.
src/pages/admin/AdminJobs.tsx(5,3): error TS6133: 'Download' is declared but its value is never read.
src/pages/admin/AdminJobs.tsx(5,18): error TS6133: 'Edit2' is declared but its value is never read.
src/pages/admin/AdminJobs.tsx(6,11): error TS6133: 'Calendar' is declared but its value is never read.
src/pages/admin/AdminJobs.tsx(20,26): error TS2339: Property 'jobs' does not exist on type '{}'.
src/pages/admin/AdminJobs.tsx(67,27): error TS2304: Cannot find name 'nestNavy'.
src/pages/admin/AdminPostJob.tsx(4,23): error TS6133: 'Briefcase' is declared but its value is never read.
src/pages/admin/AdminPostJob.tsx(4,34): error TS6133: 'Banknote' is declared but its value is never read.
src/pages/admin/AdminPostJob.tsx(4,44): error TS6133: 'ClipboardCheck' is declared but its value is never read.
src/pages/admin/AdminPostJob.tsx(40,9): error TS6133: 'nestNavy' is declared but its value is never read.
src/pages/admin/AdminUsers.tsx(10,20): error TS2552: Cannot find name 'useNavigate'. Did you mean 'navigate'?
src/pages/admin/AdminUsers.tsx(27,9): error TS2451: Cannot redeclare block-scoped variable 'filteredUsers'.
src/pages/admin/AdminUsers.tsx(32,9): error TS2451: Cannot redeclare block-scoped variable 'filteredUsers'.
src/pages/admin/AdminUsers.tsx(35,25): error TS2552: Cannot find name 'roleFilter'. Did you mean 'NodeFilter'?
src/pages/admin/AdminUsers.tsx(35,63): error TS2552: Cannot find name 'roleFilter'. Did you mean 'NodeFilter'?
src/pages/admin/AdminUsers.tsx(36,27): error TS2304: Cannot find name 'statusFilter'.
src/pages/admin/AdminUsers.tsx(36,69): error TS2304: Cannot find name 'statusFilter'.
src/pages/admin/AdminUsers.tsx(49,105): error TS2304: Cannot find name 'nestNavy'.
src/pages/admin/AdminUsers.tsx(51,12): error TS2304: Cannot find name 'UserPlus'.
src/pages/admin/Applications.tsx(3,10): error TS6133: 'Briefcase' is declared but its value is never read.
src/pages/admin/Applications.tsx(3,21): error TS6133: 'Calendar' is declared but its value is never read.
src/pages/admin/Applications.tsx(4,27): error TS6133: 'Filter' is declared but its value is never read.
src/pages/admin/Applications.tsx(5,3): error TS6133: 'Download' is declared but its value is never read.
src/pages/admin/Applications.tsx(27,9): error TS6133: 'filteredApplications' is declared but its value is never read.
src/pages/admin/Applications.tsx(112,44): error TS6133: 'i' is declared but its value is never read.
src/pages/Dashboard.tsx(3,1): error TS6133: 'Lenis' is declared but its value is never read.
src/pages/Dashboard.tsx(8,3): error TS6133: 'Bookmark' is declared but its value is never read.
src/pages/Dashboard.tsx(9,19): error TS6133: 'Video' is declared but its value is never read.
src/pages/Dashboard.tsx(10,17): error TS6133: 'ExternalLink' is declared but its value is never read.
src/pages/Dashboard.tsx(10,31): error TS6133: 'PlayCircle' is declared but its value is never read.
src/pages/Dashboard.tsx(10,43): error TS6133: 'Trophy' is declared but its value is never read.
src/pages/FollowersFollowing.tsx(3,49): error TS6133: 'UserMinus' is declared but its value is never read.
src/pages/FollowersFollowing.tsx(3,112): error TS6133: 'Filter' is declared but its value is never read.
src/pages/Home.tsx(8,13): error TS6133: 'Clock' is declared but its value is never read.
src/pages/Home.tsx(8,26): error TS6133: 'TrendingUp' is declared but its value is never read.
src/pages/Login.tsx(14,23): error TS6133: 'setShowSuccess' is declared but its value is never read.
src/pages/Login.tsx(124,18): error TS2304: Cannot find name 'CheckCircle'.
src/pages/MyApplications.tsx(3,111): error TS6133: 'ChevronUp' is declared but its value is never read.
src/pages/MyCourses.tsx(3,121): error TS6133: 'Star' is declared but its value is never read.
src/pages/RecommendedJobs.tsx(2,18): error TS6133: 'AnimatePresence' is declared but its value is never read.
src/pages/RecommendedJobs.tsx(3,122): error TS6133: 'ExternalLink' is declared but its value is never read.
